// Jest Snapshot v1, https://goo.gl/fbAQLP

exports[`<DisplayProductImage /> mapDispatchToProps function should mapDispatchToProps correctly 1`] = `
Object {
  "updateUiState": [Function],
}
`;
