// Jest Snapshot v1, https://goo.gl/fbAQLP

exports[`<QuantitySelector /> mapDispatchToProps function should mapDispatchToProps correctly 1`] = `
Object {
  "updateUiState": [Function],
}
`;
